<html>
<body>
<pre>
<h1>µVision Build Log</h1>
<h2>Tool Versions:</h2>
IDE-Version: ¦ÌVision V5.37.0.0
Copyright (C) 2022 ARM Ltd and ARM Germany GmbH. All rights reserved.
License Information: w 2983926285@qq.com, w, LIC=D0D7S-LGJ7X-WFLI7-EH8VV-UJXCG-CS67V
 
Tool Versions:
Toolchain:       MDK-ARM Plus  Version: 5.37.0.0
Toolchain Path:  D:\kevil\ARM\ARMCLANG\Bin
C Compiler:      ArmClang.exe V6.18
Assembler:       Armasm.exe V6.18
Linker/Locator:  ArmLink.exe V6.18
Library Manager: ArmAr.exe V6.18
Hex Converter:   FromElf.exe V6.18
CPU DLL:         SARMCM3.DLL V5.37.0.0
Dialog DLL:      DCM.DLL V1.17.5.0
Target DLL:      CMSIS_AGDI.dll V1.33.12.0
Dialog DLL:      TCM.DLL V1.56.1.0
 
<h2>Project:</h2>
D:\horizon\fly-robot-master\MDK-ARM\Horizon_Infantry.uvprojx
Project File Date:  05/25/2026

<h2>Output:</h2>
*** Using Compiler 'V6.18', folder: 'D:\kevil\ARM\ARMCLANG\Bin'
Build target 'Horizon_Infantry'
compiling DJI_Motor.c...
compiling Power_Ctrl.c...
compiling Chassis_Task.c...
compiling RUI_ROOT_INIT.c...
compiling mahony_filter.c...
compiling RobotUI_Ctrl.c...
compiling IMU_Task.c...
compiling heat_control.c...
compiling Shoot_Task.c...
compiling Gimbal_Task.c...
compiling Robot.c...
compiling All_Init.c...
compiling main.c...
compiling WHW_IRQN.c...
compiling stm32f4xx_it.c...
compiling usbd_cdc_if.c...
compiling ui_interface.c...
compiling ui_g.c...
linking...
Program Size: Code=106142 RO-data=5662 RW-data=1328 ZI-data=64192  
FromELF: creating hex file...
"Horizon_Infantry\Horizon_Infantry.axf" - 0 Error(s), 0 Warning(s).

<h2>Software Packages used:</h2>

Package Vendor: Keil
                https://www.keil.com/pack/Keil.STM32F4xx_DFP.3.0.0.pack
                Keil.STM32F4xx_DFP.3.0.0
                STMicroelectronics STM32F4 Series Device Support

<h2>Collection of Component include folders:</h2>

<h2>Collection of Component Files used:</h2>
Build Time Elapsed:  00:00:07
</pre>
</body>
</html>
